// Jest Snapshot v1, https://goo.gl/fbAQLP

exports[`codegen/raw/number parse & prepare: parseMetadata 1`] = `
Array [
  Object {
    "classes": Array [
      Object {
        "decorators": Array [
          Object {
            "arguments": Array [],
            "name": "Validation",
          },
        ],
        "fields": Array [
          Object {
            "decorators": Array [
              Object {
                "arguments": Array [
                  10,
                ],
                "name": "MinValidation",
              },
            ],
            "name": "someProperty",
            "optional": false,
            "type": Object {
              "name": "number",
              "validationType": "number",
            },
          },
        ],
        "name": "MinValidatorWithDefaultMessage",
      },
      Object {
        "decorators": Array [
          Object {
            "arguments": Array [],
            "name": "Validation",
          },
        ],
        "fields": Array [
          Object {
            "decorators": Array [
              Object {
                "arguments": Array [
                  10,
                ],
                "name": "MinValidation",
              },
            ],
            "name": "someProperty",
            "optional": false,
            "type": Object {
              "name": "string",
              "validationType": "string",
            },
          },
        ],
        "name": "MinValidatorOnWrongPropertyType",
      },
      Object {
        "decorators": Array [
          Object {
            "arguments": Array [],
            "name": "Validation",
          },
        ],
        "fields": Array [
          Object {
            "decorators": Array [
              Object {
                "arguments": Array [
                  10,
                  "min custom message",
                ],
                "name": "MinValidation",
              },
            ],
            "name": "someProperty",
            "optional": false,
            "type": Object {
              "name": "number",
              "validationType": "number",
            },
          },
        ],
        "name": "MinValidatorWithCustomMessage",
      },
      Object {
        "decorators": Array [
          Object {
            "arguments": Array [],
            "name": "Validation",
          },
        ],
        "fields": Array [
          Object {
            "decorators": Array [
              Object {
                "arguments": Array [
                  10,
                ],
                "name": "MaxValidation",
              },
            ],
            "name": "someProperty",
            "optional": false,
            "type": Object {
              "name": "number",
              "validationType": "number",
            },
          },
        ],
        "name": "MaxValidatorWithDefaultMessage",
      },
      Object {
        "decorators": Array [
          Object {
            "arguments": Array [],
            "name": "Validation",
          },
        ],
        "fields": Array [
          Object {
            "decorators": Array [
              Object {
                "arguments": Array [
                  10,
                ],
                "name": "MaxValidation",
              },
            ],
            "name": "someProperty",
            "optional": false,
            "type": Object {
              "name": "string",
              "validationType": "string",
            },
          },
        ],
        "name": "MaxValidatorOnWrongPropertyType",
      },
      Object {
        "decorators": Array [
          Object {
            "arguments": Array [],
            "name": "Validation",
          },
        ],
        "fields": Array [
          Object {
            "decorators": Array [
              Object {
                "arguments": Array [
                  10,
                  "max custom message",
                ],
                "name": "MaxValidation",
              },
            ],
            "name": "someProperty",
            "optional": false,
            "type": Object {
              "name": "number",
              "validationType": "number",
            },
          },
        ],
        "name": "MaxValidatorWithCustomMessage",
      },
      Object {
        "decorators": Array [
          Object {
            "arguments": Array [],
            "name": "Validation",
          },
        ],
        "fields": Array [
          Object {
            "decorators": Array [
              Object {
                "arguments": Array [],
                "name": "NegativeValidation",
              },
            ],
            "name": "someProperty",
            "optional": false,
            "type": Object {
              "name": "number",
              "validationType": "number",
            },
          },
        ],
        "name": "NegativeValidatorWithDefaultMessage",
      },
      Object {
        "decorators": Array [
          Object {
            "arguments": Array [],
            "name": "Validation",
          },
        ],
        "fields": Array [
          Object {
            "decorators": Array [
              Object {
                "arguments": Array [],
                "name": "NegativeValidation",
              },
            ],
            "name": "someProperty",
            "optional": false,
            "type": Object {
              "name": "string",
              "validationType": "string",
            },
          },
        ],
        "name": "NegativeValidatorOnWrongPropertyType",
      },
      Object {
        "decorators": Array [
          Object {
            "arguments": Array [],
            "name": "Validation",
          },
        ],
        "fields": Array [
          Object {
            "decorators": Array [
              Object {
                "arguments": Array [
                  "negative custom message",
                ],
                "name": "NegativeValidation",
              },
            ],
            "name": "someProperty",
            "optional": false,
            "type": Object {
              "name": "number",
              "validationType": "number",
            },
          },
        ],
        "name": "NegativeValidatorWithCustomMessage",
      },
      Object {
        "decorators": Array [
          Object {
            "arguments": Array [],
            "name": "Validation",
          },
        ],
        "fields": Array [
          Object {
            "decorators": Array [
              Object {
                "arguments": Array [],
                "name": "PositiveValidation",
              },
            ],
            "name": "someProperty",
            "optional": false,
            "type": Object {
              "name": "number",
              "validationType": "number",
            },
          },
        ],
        "name": "PositiveValidatorWithDefaultMessage",
      },
      Object {
        "decorators": Array [
          Object {
            "arguments": Array [],
            "name": "Validation",
          },
        ],
        "fields": Array [
          Object {
            "decorators": Array [
              Object {
                "arguments": Array [],
                "name": "PositiveValidation",
              },
            ],
            "name": "someProperty",
            "optional": false,
            "type": Object {
              "name": "string",
              "validationType": "string",
            },
          },
        ],
        "name": "PositiveValidatorOnWrongPropertyType",
      },
      Object {
        "decorators": Array [
          Object {
            "arguments": Array [],
            "name": "Validation",
          },
        ],
        "fields": Array [
          Object {
            "decorators": Array [
              Object {
                "arguments": Array [
                  "positive custom message",
                ],
                "name": "PositiveValidation",
              },
            ],
            "name": "someProperty",
            "optional": false,
            "type": Object {
              "name": "number",
              "validationType": "number",
            },
          },
        ],
        "name": "PositiveValidatorWithCustomMessage",
      },
      Object {
        "decorators": Array [
          Object {
            "arguments": Array [],
            "name": "Validation",
          },
        ],
        "fields": Array [
          Object {
            "decorators": Array [
              Object {
                "arguments": Array [],
                "name": "IntegerValidation",
              },
            ],
            "name": "someProperty",
            "optional": false,
            "type": Object {
              "name": "number",
              "validationType": "number",
            },
          },
        ],
        "name": "IntegerValidatorWithDefaultMessage",
      },
      Object {
        "decorators": Array [
          Object {
            "arguments": Array [],
            "name": "Validation",
          },
        ],
        "fields": Array [
          Object {
            "decorators": Array [
              Object {
                "arguments": Array [],
                "name": "IntegerValidation",
              },
            ],
            "name": "someProperty",
            "optional": false,
            "type": Object {
              "name": "string",
              "validationType": "string",
            },
          },
        ],
        "name": "IntegerValidatorOnWrongPropertyType",
      },
      Object {
        "decorators": Array [
          Object {
            "arguments": Array [],
            "name": "Validation",
          },
        ],
        "fields": Array [
          Object {
            "decorators": Array [
              Object {
                "arguments": Array [
                  "integer custom message",
                ],
                "name": "IntegerValidation",
              },
            ],
            "name": "someProperty",
            "optional": false,
            "type": Object {
              "name": "number",
              "validationType": "number",
            },
          },
        ],
        "name": "IntegerValidatorWithCustomMessage",
      },
      Object {
        "decorators": Array [
          Object {
            "arguments": Array [],
            "name": "Validation",
          },
        ],
        "fields": Array [
          Object {
            "decorators": Array [
              Object {
                "arguments": Array [],
                "name": "BigIntValidation",
              },
            ],
            "name": "someProperty",
            "optional": false,
            "type": Object {
              "name": "function",
              "validationType": "notSupported",
            },
          },
        ],
        "name": "BigIntValidatorWithDefaultMessage",
      },
      Object {
        "decorators": Array [
          Object {
            "arguments": Array [],
            "name": "Validation",
          },
        ],
        "fields": Array [
          Object {
            "decorators": Array [
              Object {
                "arguments": Array [],
                "name": "BigIntValidation",
              },
            ],
            "name": "someProperty",
            "optional": false,
            "type": Object {
              "name": "string",
              "validationType": "string",
            },
          },
        ],
        "name": "BigIntValidatorOnWrongPropertyType",
      },
      Object {
        "decorators": Array [
          Object {
            "arguments": Array [],
            "name": "Validation",
          },
        ],
        "fields": Array [
          Object {
            "decorators": Array [
              Object {
                "arguments": Array [
                  "bigint custom message",
                ],
                "name": "BigIntValidation",
              },
            ],
            "name": "someProperty",
            "optional": false,
            "type": Object {
              "name": "function",
              "validationType": "notSupported",
            },
          },
        ],
        "name": "BigIntValidatorWithCustomMessage",
      },
      Object {
        "decorators": Array [
          Object {
            "arguments": Array [],
            "name": "Validation",
          },
        ],
        "fields": Array [
          Object {
            "decorators": Array [
              Object {
                "arguments": Array [],
                "name": "NotBigIntValidation",
              },
            ],
            "name": "someProperty",
            "optional": false,
            "type": Object {
              "name": "number",
              "validationType": "number",
            },
          },
        ],
        "name": "NotBigIntValidatorWithDefaultMessage",
      },
      Object {
        "decorators": Array [
          Object {
            "arguments": Array [],
            "name": "Validation",
          },
        ],
        "fields": Array [
          Object {
            "decorators": Array [
              Object {
                "arguments": Array [],
                "name": "NotBigIntValidation",
              },
            ],
            "name": "someProperty",
            "optional": false,
            "type": Object {
              "name": "string",
              "validationType": "string",
            },
          },
        ],
        "name": "NotBigIntValidatorOnWrongPropertyType",
      },
      Object {
        "decorators": Array [
          Object {
            "arguments": Array [],
            "name": "Validation",
          },
        ],
        "fields": Array [
          Object {
            "decorators": Array [
              Object {
                "arguments": Array [
                  "bigint custom message",
                ],
                "name": "NotBigIntValidation",
              },
            ],
            "name": "someProperty",
            "optional": false,
            "type": Object {
              "name": "number",
              "validationType": "number",
            },
          },
        ],
        "name": "NotBigIntValidatorWithCustomMessage",
      },
      Object {
        "decorators": Array [
          Object {
            "arguments": Array [],
            "name": "Validation",
          },
        ],
        "fields": Array [
          Object {
            "decorators": Array [
              Object {
                "arguments": Array [],
                "name": "FloatValidation",
              },
            ],
            "name": "someProperty",
            "optional": false,
            "type": Object {
              "name": "number",
              "validationType": "number",
            },
          },
        ],
        "name": "FloatValidatorWithDefaultMessage",
      },
      Object {
        "decorators": Array [
          Object {
            "arguments": Array [],
            "name": "Validation",
          },
        ],
        "fields": Array [
          Object {
            "decorators": Array [
              Object {
                "arguments": Array [],
                "name": "FloatValidation",
              },
            ],
            "name": "someProperty",
            "optional": false,
            "type": Object {
              "name": "string",
              "validationType": "string",
            },
          },
        ],
        "name": "FloatValidatorOnWrongPropertyType",
      },
      Object {
        "decorators": Array [
          Object {
            "arguments": Array [],
            "name": "Validation",
          },
        ],
        "fields": Array [
          Object {
            "decorators": Array [
              Object {
                "arguments": Array [
                  "float custom message",
                ],
                "name": "FloatValidation",
              },
            ],
            "name": "someProperty",
            "optional": false,
            "type": Object {
              "name": "number",
              "validationType": "number",
            },
          },
        ],
        "name": "FloatValidatorWithCustomMessage",
      },
      Object {
        "decorators": Array [
          Object {
            "arguments": Array [],
            "name": "Validation",
          },
        ],
        "fields": Array [
          Object {
            "decorators": Array [
              Object {
                "arguments": Array [
                  "someOtherProperty",
                ],
                "name": "LessThanValidation",
              },
            ],
            "name": "someProperty",
            "optional": false,
            "type": Object {
              "name": "number",
              "validationType": "number",
            },
          },
          Object {
            "decorators": Array [
              Object {
                "arguments": Array [
                  "someProperty",
                ],
                "name": "MoreThanValidation",
              },
            ],
            "name": "someOtherProperty",
            "optional": false,
            "type": Object {
              "name": "number",
              "validationType": "number",
            },
          },
        ],
        "name": "LessThanMoreThanValidatorWithDefaultMessage",
      },
      Object {
        "decorators": Array [
          Object {
            "arguments": Array [],
            "name": "Validation",
          },
        ],
        "fields": Array [
          Object {
            "decorators": Array [
              Object {
                "arguments": Array [
                  "someOtherProperty",
                ],
                "name": "LessThanValidation",
              },
            ],
            "name": "someProperty",
            "optional": false,
            "type": Object {
              "name": "string",
              "validationType": "string",
            },
          },
          Object {
            "decorators": Array [
              Object {
                "arguments": Array [
                  "someProperty",
                ],
                "name": "MoreThanValidation",
              },
            ],
            "name": "someOtherProperty",
            "optional": false,
            "type": Object {
              "name": "string",
              "validationType": "string",
            },
          },
        ],
        "name": "LessThanMoreThanValidatorOnWrongPropertyType",
      },
      Object {
        "decorators": Array [
          Object {
            "arguments": Array [],
            "name": "Validation",
          },
        ],
        "fields": Array [
          Object {
            "decorators": Array [
              Object {
                "arguments": Array [
                  "someOtherProperty",
                  false,
                  "lessThan custom message",
                ],
                "name": "LessThanValidation",
              },
            ],
            "name": "someProperty",
            "optional": false,
            "type": Object {
              "name": "number",
              "validationType": "number",
            },
          },
          Object {
            "decorators": Array [
              Object {
                "arguments": Array [
                  "someProperty",
                  false,
                  "moreThan custom message",
                ],
                "name": "MoreThanValidation",
              },
            ],
            "name": "someOtherProperty",
            "optional": false,
            "type": Object {
              "name": "number",
              "validationType": "number",
            },
          },
        ],
        "name": "LessThanValidatorWithCustomMessage",
      },
    ],
    "functions": Array [],
    "imports": Array [
      Object {
        "absPath": "../../../../src/decorators",
        "clauses": Array [
          "Validation",
          "PositiveValidation",
          "IntegerValidation",
          "BigIntValidation",
          "NotBigIntValidation",
          "FloatValidation",
          "LessThanValidation",
          "NegativeValidation",
          "MoreThanValidation",
          "MinValidation",
          "MaxValidation",
        ],
      },
    ],
    "name": "model.ts",
  },
  Object {
    "classes": Array [],
    "functions": Array [
      Object {
        "isAsync": false,
        "isExported": false,
        "name": "emptyDecorator",
      },
      Object {
        "isAsync": false,
        "isExported": true,
        "name": "RequiredOneOfValidation",
      },
      Object {
        "isAsync": false,
        "isExported": true,
        "name": "TypeValidation",
      },
      Object {
        "isAsync": false,
        "isExported": true,
        "name": "CustomValidation",
      },
      Object {
        "isAsync": false,
        "isExported": true,
        "name": "IgnoreValidation",
      },
      Object {
        "isAsync": false,
        "isExported": true,
        "name": "EqualValidation",
      },
      Object {
        "isAsync": false,
        "isExported": true,
        "name": "EqualToValidation",
      },
      Object {
        "isAsync": false,
        "isExported": true,
        "name": "DateValidation",
      },
      Object {
        "isAsync": false,
        "isExported": true,
        "name": "MinValidation",
      },
      Object {
        "isAsync": false,
        "isExported": true,
        "name": "MaxValidation",
      },
      Object {
        "isAsync": false,
        "isExported": true,
        "name": "NegativeValidation",
      },
      Object {
        "isAsync": false,
        "isExported": true,
        "name": "PositiveValidation",
      },
      Object {
        "isAsync": false,
        "isExported": true,
        "name": "IntegerValidation",
      },
      Object {
        "isAsync": false,
        "isExported": true,
        "name": "BigIntValidation",
      },
      Object {
        "isAsync": false,
        "isExported": true,
        "name": "NotBigIntValidation",
      },
      Object {
        "isAsync": false,
        "isExported": true,
        "name": "FloatValidation",
      },
      Object {
        "isAsync": false,
        "isExported": true,
        "name": "LessThanValidation",
      },
      Object {
        "isAsync": false,
        "isExported": true,
        "name": "MoreThanValidation",
      },
      Object {
        "isAsync": false,
        "isExported": true,
        "name": "TrimValidation",
      },
      Object {
        "isAsync": false,
        "isExported": true,
        "name": "LowercaseValidation",
      },
      Object {
        "isAsync": false,
        "isExported": true,
        "name": "UppercaseValidation",
      },
      Object {
        "isAsync": false,
        "isExported": true,
        "name": "MinLengthValidation",
      },
      Object {
        "isAsync": false,
        "isExported": true,
        "name": "MaxLengthValidation",
      },
      Object {
        "isAsync": false,
        "isExported": true,
        "name": "EmailValidation",
      },
      Object {
        "isAsync": false,
        "isExported": true,
        "name": "UrlValidation",
      },
      Object {
        "isAsync": false,
        "isExported": true,
        "name": "MatchValidation",
      },
    ],
    "imports": Array [
      Object {
        "absPath": "../../../../validators/model",
        "clauses": Array [
          "CustomValidationFunction",
        ],
      },
      Object {
        "absPath": "../../../../codegen/model",
        "clauses": Array [
          "Data",
        ],
      },
      Object {
        "absPath": "../../../../localization/model",
        "clauses": Array [
          "Message",
        ],
      },
    ],
    "name": "../../../../src/decorators",
  },
]
`;
